(program
  (let
    (nonrec)
    (datatypebind
      (datatype (tyvardecl Unit (type))  Unit_match (vardecl Unit Unit))
    )
    (datatypebind
      (datatype
        (tyvardecl Bool (type))

        Bool_match
        (vardecl True Bool) (vardecl False Bool)
      )
    )
<<<<<<< HEAD
||||||| parent of ac6d6c898 (WIP)
    (termbind
      (strict)
      (vardecl equalsInteger (fun (con integer) (fun (con integer) Bool)))
      (lam
        arg
        (con integer)
        (lam
          arg
          (con integer)
          (let
            (nonrec)
            (termbind
              (strict)
              (vardecl b (con bool))
              [ [ (builtin eqInteger) arg ] arg ]
            )
            [ [ [ { (builtin ifThenElse) Bool } b ] True ] False ]
          )
        )
      )
    )
    (termbind
      (strict)
      (vardecl lessThanEqInteger (fun (con integer) (fun (con integer) Bool)))
      (lam
        arg
        (con integer)
        (lam
          arg
          (con integer)
          (let
            (nonrec)
            (termbind
              (strict)
              (vardecl b (con bool))
              [ [ (builtin lessThanEqInteger) arg ] arg ]
            )
            [ [ [ { (builtin ifThenElse) Bool } b ] True ] False ]
          )
        )
      )
    )
=======
    (termbind
      (strict)
      (vardecl builtinBoolToBool (fun (con bool) Bool))
      (lam b (con bool) [ [ [ { (builtin ifThenElse) Bool } b ] True ] False ])
    )
    (termbind
      (strict)
      (vardecl equalsInteger (fun (con integer) (fun (con integer) Bool)))
      (lam
        arg
        (con integer)
        (lam
          arg
          (con integer)
          [ builtinBoolToBool [ [ (builtin eqInteger) arg ] arg ] ]
        )
      )
    )
    (termbind
      (strict)
      (vardecl lessThanEqInteger (fun (con integer) (fun (con integer) Bool)))
      (lam
        arg
        (con integer)
        (lam
          arg
          (con integer)
          [ builtinBoolToBool [ [ (builtin lessThanEqInteger) arg ] arg ] ]
        )
      )
    )
>>>>>>> ac6d6c898 (WIP)
    (datatypebind
      (datatype
        (tyvardecl Ordering (type))

        Ordering_match
        (vardecl EQ Ordering) (vardecl GT Ordering) (vardecl LT Ordering)
      )
    )
    (termbind
      (strict)
      (vardecl
        fOrdData_ccompare (fun (con integer) (fun (con integer) Ordering))
      )
      (lam
        x
        (con integer)
        (lam
          y
          (con integer)
          [
            [
              [
                {
                  [
                    Bool_match
                    [
                      [
                        [
                          { (builtin ifThenElse) Bool }
                          [ [ (builtin eqInteger) x ] y ]
                        ]
                        True
                      ]
                      False
                    ]
                  ]
                  (fun Unit Ordering)
                }
                (lam thunk Unit EQ)
              ]
              (lam
                thunk
                Unit
                [
                  [
                    [
                      {
                        [
                          Bool_match
                          [
                            [
                              [
                                { (builtin ifThenElse) Bool }
                                [ [ (builtin lessThanEqInteger) x ] y ]
                              ]
                              True
                            ]
                            False
                          ]
                        ]
                        (fun Unit Ordering)
                      }
                      (lam thunk Unit LT)
                    ]
                    (lam thunk Unit GT)
                  ]
                  Unit
                ]
              )
            ]
            Unit
          ]
        )
      )
    )
    fOrdData_ccompare
  )
)