<<<<<<< HEAD
(delay (lam case_True_37 (lam case_False_38 case_True_37)))
||||||| parent of ac6d6c898 (WIP)
(delay (lam case_True_38 (lam case_False_39 case_True_38)))
=======
(delay (lam case_True_39 (lam case_False_40 case_True_39)))
>>>>>>> ac6d6c898 (WIP)
