(program
  (let
    (nonrec)
    (datatypebind
      (datatype
        (tyvardecl Bool (type))

        Bool_match
        (vardecl True Bool) (vardecl False Bool)
      )
    )
    (termbind
      (strict)
      (vardecl builtinBoolToBool (fun (con bool) Bool))
      (lam b (con bool) [ [ [ { (builtin ifThenElse) Bool } b ] True ] False ])
    )
    (termbind
      (strict)
      (vardecl lessThanInteger (fun (con integer) (fun (con integer) Bool)))
      (lam
        x
        (con integer)
        (lam
          y
          (con integer)
<<<<<<< HEAD
          [
            [
              [
                { (builtin ifThenElse) Bool }
                [ [ (builtin lessThanInteger) x ] y ]
              ]
              True
            ]
            False
          ]
||||||| parent of ac6d6c898 (WIP)
          (let
            (nonrec)
            (termbind
              (strict)
              (vardecl b (con bool))
              [ [ (builtin lessThanInteger) arg ] arg ]
            )
            [ [ [ { (builtin ifThenElse) Bool } b ] True ] False ]
          )
=======
          [ builtinBoolToBool [ [ (builtin lessThanInteger) arg ] arg ] ]
>>>>>>> ac6d6c898 (WIP)
        )
      )
    )
    lessThanInteger
  )
)