(program
  (let
    (nonrec)
    (datatypebind
      (datatype
        (tyvardecl Bool (type))

        Bool_match
        (vardecl True Bool) (vardecl False Bool)
      )
    )
    (termbind
      (strict)
      (vardecl builtinBoolToBool (fun (con bool) Bool))
      (lam b (con bool) [ [ [ { (builtin ifThenElse) Bool } b ] True ] False ])
    )
    (termbind
      (strict)
      (vardecl
        verifySignature
        (fun (con bytestring) (fun (con bytestring) (fun (con bytestring) Bool)))
      )
      (lam
        pubKey
        (con bytestring)
        (lam
          message
          (con bytestring)
          (lam
            signature
            (con bytestring)
<<<<<<< HEAD
            [
              [
                [
                  { (builtin ifThenElse) Bool }
                  [ [ [ (builtin verifySignature) pubKey ] message ] signature ]
                ]
                True
              ]
              False
            ]
||||||| parent of ac6d6c898 (WIP)
            (let
              (nonrec)
              (termbind
                (strict)
                (vardecl b (con bool))
                [ [ [ (builtin verifySignature) arg ] arg ] arg ]
              )
              [ [ [ { (builtin ifThenElse) Bool } b ] True ] False ]
            )
=======
            [
              builtinBoolToBool
              [ [ [ (builtin verifySignature) arg ] arg ] arg ]
            ]
>>>>>>> ac6d6c898 (WIP)
          )
        )
      )
    )
    verifySignature
  )
)